[    0.000000] Initializing cgroup subsys cpuset
[    0.000000] Initializing cgroup subsys cpu
[    0.000000] Initializing cgroup subsys cpuacct
[    0.000000] Linux version 4.4.0-146-generic (buildd@lcy01-amd64-025) (gcc version 5.4.0 20160609 (Ubuntu 5.4.0-6ubuntu1~16.04.10) ) #172-Ubuntu SMP Wed Apr 3 09:00:08 UTC 2019 (Ubuntu 4.4.0-146.172-generic 4.4.177)
[    0.000000] Command line: BOOT_IMAGE=/boot/vmlinuz-4.4.0-146-generic root=LABEL=cloudimg-rootfs ro console=tty1 console=ttyS0
[    0.000000] KERNEL supported cpus:
[    0.000000]   Intel GenuineIntel
[    0.000000]   AMD AuthenticAMD
[    0.000000]   Centaur CentaurHauls
[    0.000000] x86/fpu: xstate_offset[2]:  576, xstate_sizes[2]:  256
[    0.000000] x86/fpu: Supporting XSAVE feature 0x01: 'x87 floating point registers'
[    0.000000] x86/fpu: Supporting XSAVE feature 0x02: 'SSE registers'
[    0.000000] x86/fpu: Supporting XSAVE feature 0x04: 'AVX registers'
[    0.000000] x86/fpu: Enabled xstate features 0x7, context size is 832 bytes, using 'standard' format.
[    0.000000] e820: BIOS-provided physical RAM map:
[    0.000000] BIOS-e820: [mem 0x0000000000000000-0x000000000009fbff] usable
[    0.000000] BIOS-e820: [mem 0x000000000009fc00-0x000000000009ffff] reserved
[    0.000000] BIOS-e820: [mem 0x00000000000f0000-0x00000000000fffff] reserved
[    0.000000] BIOS-e820: [mem 0x0000000000100000-0x000000003ffeffff] usable
[    0.000000] BIOS-e820: [mem 0x000000003fff0000-0x000000003fffffff] ACPI data
[    0.000000] BIOS-e820: [mem 0x00000000fec00000-0x00000000fec00fff] reserved
[    0.000000] BIOS-e820: [mem 0x00000000fee00000-0x00000000fee00fff] reserved
[    0.000000] BIOS-e820: [mem 0x00000000fffc0000-0x00000000ffffffff] reserved
[    0.000000] NX (Execute Disable) protection: active
[    0.000000] SMBIOS 2.5 present.
[    0.000000] Hypervisor detected: KVM
[    0.000000] e820: last_pfn = 0x3fff0 max_arch_pfn = 0x400000000
[    0.000000] MTRR: Disabled
[    0.000000] x86/PAT: MTRRs disabled, skipping PAT initialization too.
[    0.000000] CPU MTRRs all blank - virtualized system.
[    0.000000] x86/PAT: Configuration [0-7]: WB  WT  UC- UC  WB  WT  UC- UC  
[    0.000000] found SMP MP-table at [mem 0x0009fff0-0x0009ffff] mapped at [ffff88000009fff0]
[    0.000000] Scanning 1 areas for low memory corruption
[    0.000000] RAMDISK: [mem 0x362fa000-0x37174fff]
[    0.000000] ACPI: Early table checksum verification disabled
[    0.000000] ACPI: RSDP 0x00000000000E0000 000024 (v02 VBOX  )
[    0.000000] ACPI: XSDT 0x000000003FFF0030 00003C (v01 VBOX   VBOXXSDT 00000001 ASL  00000061)
[    0.000000] ACPI: FACP 0x000000003FFF00F0 0000F4 (v04 VBOX   VBOXFACP 00000001 ASL  00000061)
[    0.000000] ACPI: DSDT 0x000000003FFF0470 0022EA (v02 VBOX   VBOXBIOS 00000002 INTL 20100528)
[    0.000000] ACPI: FACS 0x000000003FFF0200 000040
[    0.000000] ACPI: FACS 0x000000003FFF0200 000040
[    0.000000] ACPI: APIC 0x000000003FFF0240 00005C (v02 VBOX   VBOXAPIC 00000001 ASL  00000061)
[    0.000000] ACPI: SSDT 0x000000003FFF02A0 0001CC (v01 VBOX   VBOXCPUT 00000002 INTL 20100528)
[    0.000000] No NUMA configuration found
[    0.000000] Faking a node at [mem 0x0000000000000000-0x000000003ffeffff]
[    0.000000] NODE_DATA(0) allocated [mem 0x3ffeb000-0x3ffeffff]
[    0.000000] kvm-clock: Using msrs 4b564d01 and 4b564d00
[    0.000000] kvm-clock: cpu 0, msr 0:3ffe3001, primary cpu clock
[    0.000000] kvm-clock: using sched offset of 4091324532 cycles
[    0.000000] clocksource: kvm-clock: mask: 0xffffffffffffffff max_cycles: 0x1cd42e4dffb, max_idle_ns: 881590591483 ns
[    0.000000] Zone ranges:
[    0.000000]   DMA      [mem 0x0000000000001000-0x0000000000ffffff]
[    0.000000]   DMA32    [mem 0x0000000001000000-0x000000003ffeffff]
[    0.000000]   Normal   empty
[    0.000000]   Device   empty
[    0.000000] Movable zone start for each node
[    0.000000] Early memory node ranges
[    0.000000]   node   0: [mem 0x0000000000001000-0x000000000009efff]
[    0.000000]   node   0: [mem 0x0000000000100000-0x000000003ffeffff]
[    0.000000] Initmem setup node 0 [mem 0x0000000000001000-0x000000003ffeffff]
[    0.000000] ACPI: PM-Timer IO Port: 0x4008
[    0.000000] IOAPIC[0]: apic_id 2, version 32, address 0xfec00000, GSI 0-23
[    0.000000] ACPI: INT_SRC_OVR (bus 0 bus_irq 0 global_irq 2 dfl dfl)
[    0.000000] ACPI: INT_SRC_OVR (bus 0 bus_irq 9 global_irq 9 low level)
[    0.000000] Using ACPI (MADT) for SMP configuration information
[    0.000000] smpboot: Allowing 2 CPUs, 0 hotplug CPUs
[    0.000000] PM: Registered nosave memory: [mem 0x00000000-0x00000fff]
[    0.000000] PM: Registered nosave memory: [mem 0x0009f000-0x0009ffff]
[    0.000000] PM: Registered nosave memory: [mem 0x000a0000-0x000effff]
[    0.000000] PM: Registered nosave memory: [mem 0x000f0000-0x000fffff]
[    0.000000] e820: [mem 0x40000000-0xfebfffff] available for PCI devices
[    0.000000] Booting paravirtualized kernel on KVM
[    0.000000] clocksource: refined-jiffies: mask: 0xffffffff max_cycles: 0xffffffff, max_idle_ns: 7645519600211568 ns
[    0.000000] setup_percpu: NR_CPUS:512 nr_cpumask_bits:512 nr_cpu_ids:2 nr_node_ids:1
[    0.000000] PERCPU: Embedded 34 pages/cpu @ffff88003fc00000 s99480 r8192 d31592 u1048576
[    0.000000] Built 1 zonelists in Node order, mobility grouping on.  Total pages: 257912
[    0.000000] Policy zone: DMA32
[    0.000000] Kernel command line: BOOT_IMAGE=/boot/vmlinuz-4.4.0-146-generic root=LABEL=cloudimg-rootfs ro console=tty1 console=ttyS0
[    0.000000] PID hash table entries: 4096 (order: 3, 32768 bytes)
[    0.000000] Memory: 997732K/1048120K available (8609K kernel code, 1334K rwdata, 4028K rodata, 1484K init, 1284K bss, 50388K reserved, 0K cma-reserved)
[    0.000000] SLUB: HWalign=64, Order=0-3, MinObjects=0, CPUs=2, Nodes=1
[    0.000000] Kernel/User page tables isolation: enabled
[    0.000000] Hierarchical RCU implementation.
[    0.000000] 	Build-time adjustment of leaf fanout to 64.
[    0.000000] 	RCU restricting CPUs from NR_CPUS=512 to nr_cpu_ids=2.
[    0.000000] RCU: Adjusting geometry for rcu_fanout_leaf=64, nr_cpu_ids=2
[    0.000000] NR_IRQS:33024 nr_irqs:440 16
[    0.000000] Console: colour VGA+ 80x25
[    0.000000] console [tty1] enabled
[    0.000000] console [ttyS0] enabled
[    0.000000] tsc: Detected 1599.999 MHz processor
[    0.265135] Calibrating delay loop (skipped) preset value.. 3199.99 BogoMIPS (lpj=6399996)
[    0.268572] pid_max: default: 32768 minimum: 301
[    0.270445] ACPI: Core revision 20150930
[    0.273282] ACPI: 2 ACPI AML tables successfully acquired and loaded
[    0.275690] Security Framework initialized
[    0.277938] Yama: becoming mindful.
[    0.279750] AppArmor: AppArmor initialized
[    0.281558] Dentry cache hash table entries: 131072 (order: 8, 1048576 bytes)
[    0.286074] Inode-cache hash table entries: 65536 (order: 7, 524288 bytes)
[    0.288587] Mount-cache hash table entries: 2048 (order: 2, 16384 bytes)
[    0.290772] Mountpoint-cache hash table entries: 2048 (order: 2, 16384 bytes)
[    0.293529] Initializing cgroup subsys io
[    0.294966] Initializing cgroup subsys memory
[    0.296535] Initializing cgroup subsys devices
[    0.298153] Initializing cgroup subsys freezer
[    0.300055] Initializing cgroup subsys net_cls
[    0.301834] Initializing cgroup subsys perf_event
[    0.303650] Initializing cgroup subsys net_prio
[    0.305216] Initializing cgroup subsys hugetlb
[    0.306783] Initializing cgroup subsys pids
[    0.309318] mce: CPU supports 0 MCE banks
[    0.310997] Last level iTLB entries: 4KB 64, 2MB 8, 4MB 8
[    0.313139] Last level dTLB entries: 4KB 64, 2MB 0, 4MB 0, 1GB 4
[    0.315171] Spectre V2 : Mitigation: Full generic retpoline
[    0.317029] Spectre V2 : Spectre v2 / SpectreRSB mitigation: Filling RSB on context switch
[    0.320008] Speculative Store Bypass: Vulnerable
[    0.325050] Freeing SMP alternatives memory: 36K
[    0.334021] ftrace: allocating 32287 entries in 127 pages
[    0.408114] smpboot: APIC(0) Converting physical 0 to logical package 0
[    0.410963] smpboot: Max logical packages: 1
[    0.413332] x2apic enabled
[    0.414867] Switched APIC routing to physical x2apic.
[    0.418073] ..TIMER: vector=0x30 apic1=0 pin1=2 apic2=-1 pin2=-1
[    0.527491] smpboot: CPU0: Intel(R) Core(TM) i5-5250U CPU @ 1.60GHz (family: 0x6, model: 0x3d, stepping: 0x4)
[    0.532067] Performance Events: unsupported p6 CPU model 61 no PMU driver, software events only.
[    0.550029] KVM setup paravirtual spinlock
[    0.552704] x86: Booting SMP configuration:
[    0.554278] .... node  #0, CPUs:      #1
[    0.556745] kvm-clock: cpu 1, msr 0:3ffe3041, secondary cpu clock
[    0.560467] mce: CPU supports 0 MCE banks
[    0.564358] x86: Booted up 1 node, 2 CPUs
[    0.566470] smpboot: Total of 2 processors activated (6399.99 BogoMIPS)
[    0.569996] devtmpfs: initialized
[    0.573713] evm: security.selinux
[    0.575231] evm: security.SMACK64
[    0.576982] evm: security.SMACK64EXEC
[    0.579350] evm: security.SMACK64TRANSMUTE
[    0.581798] evm: security.SMACK64MMAP
[    0.583410] evm: security.ima
[    0.584647] evm: security.capability
[    0.586220] clocksource: jiffies: mask: 0xffffffff max_cycles: 0xffffffff, max_idle_ns: 7645041785100000 ns
[    0.590947] futex hash table entries: 512 (order: 3, 32768 bytes)
[    0.594639] pinctrl core: initialized pinctrl subsystem
[    0.597949] RTC time:  8:14:46, date: 06/06/19
[    0.600141] NET: Registered protocol family 16
[    0.612200] cpuidle: using governor ladder
[    0.623766] cpuidle: using governor menu
[    0.625971] PCCT header not found.
[    0.629019] ACPI: bus type PCI registered
[    0.630817] acpiphp: ACPI Hot Plug PCI Controller Driver version: 0.5
[    0.633938] PCI: Using configuration type 1 for base access
[    0.649437] ACPI: Added _OSI(Module Device)
[    0.651664] ACPI: Added _OSI(Processor Device)
[    0.653432] ACPI: Added _OSI(3.0 _SCP Extensions)
[    0.655261] ACPI: Added _OSI(Processor Aggregator Device)
[    0.658331] ACPI: Executed 1 blocks of module-level executable AML code
[    0.664253] ACPI: Interpreter enabled
[    0.666032] ACPI: (supports S0 S5)
[    0.668224] ACPI: Using IOAPIC for interrupt routing
[    0.670704] PCI: Using host bridge windows from ACPI; if necessary, use "pci=nocrs" and report a bug
[    0.685892] ACPI: PCI Root Bridge [PCI0] (domain 0000 [bus 00-ff])
[    0.690925] acpi PNP0A03:00: _OSC: OS supports [ASPM ClockPM Segments MSI]
[    0.696947] acpi PNP0A03:00: _OSC: not requesting OS control; OS requires [ExtendedConfig ASPM ClockPM MSI]
[    0.705094] acpi PNP0A03:00: fail to add MMCONFIG information, can't access extended PCI configuration space under this bridge.
[    0.713774] PCI host bridge to bus 0000:00
[    0.717174] pci_bus 0000:00: root bus resource [io  0x0000-0x0cf7 window]
[    0.722192] pci_bus 0000:00: root bus resource [io  0x0d00-0xffff window]
[    0.727451] pci_bus 0000:00: root bus resource [mem 0x000a0000-0x000bffff window]
[    0.733500] pci_bus 0000:00: root bus resource [mem 0x40000000-0xfdffffff window]
[    0.739148] pci_bus 0000:00: root bus resource [bus 00-ff]
[    0.753739] pci 0000:00:01.1: legacy IDE quirk: reg 0x10: [io  0x01f0-0x01f7]
[    0.763984] pci 0000:00:01.1: legacy IDE quirk: reg 0x14: [io  0x03f6]
[    0.769332] pci 0000:00:01.1: legacy IDE quirk: reg 0x18: [io  0x0170-0x0177]
[    0.777388] pci 0000:00:01.1: legacy IDE quirk: reg 0x1c: [io  0x0376]
[    0.815284] pci 0000:00:07.0: quirk: [io  0x4000-0x403f] claimed by PIIX4 ACPI
[    0.819297] pci 0000:00:07.0: quirk: [io  0x4100-0x410f] claimed by PIIX4 SMB
[    0.873376] ACPI: PCI Interrupt Link [LNKA] (IRQs 5 9 10 *11)
[    0.880716] ACPI: PCI Interrupt Link [LNKB] (IRQs 5 9 *10 11)
[    0.885848] ACPI: PCI Interrupt Link [LNKC] (IRQs 5 *9 10 11)
[    0.890344] ACPI: PCI Interrupt Link [LNKD] (IRQs 5 9 10 *11)
[    0.897234] ACPI: Enabled 2 GPEs in block 00 to 07
[    0.901717] vgaarb: setting as boot device: PCI:0000:00:02.0
[    0.904835] vgaarb: device added: PCI:0000:00:02.0,decodes=io+mem,owns=io+mem,locks=none
[    0.909675] vgaarb: loaded
[    0.911248] vgaarb: bridge control possible 0000:00:02.0
[    0.913969] SCSI subsystem initialized
[    0.915546] ACPI: bus type USB registered
[    0.918137] usbcore: registered new interface driver usbfs
[    0.920094] usbcore: registered new interface driver hub
[    0.923383] usbcore: registered new device driver usb
[    0.927432] PCI: Using ACPI for IRQ routing
[    0.930938] NetLabel: Initializing
[    0.933491] NetLabel:  domain hash size = 128
[    0.935368] NetLabel:  protocols = UNLABELED CIPSOv4
[    0.939342] NetLabel:  unlabeled traffic allowed by default
[    0.943053] amd_nb: Cannot enumerate AMD northbridges
[    0.945494] clocksource: Switched to clocksource kvm-clock
[    0.959242] AppArmor: AppArmor Filesystem Enabled
[    0.961470] pnp: PnP ACPI init
[    0.964638] pnp: PnP ACPI: found 3 devices
[    0.980694] clocksource: acpi_pm: mask: 0xffffff max_cycles: 0xffffff, max_idle_ns: 2085701024 ns
[    0.984702] NET: Registered protocol family 2
[    0.986507] TCP established hash table entries: 8192 (order: 4, 65536 bytes)
[    0.989886] TCP bind hash table entries: 8192 (order: 5, 131072 bytes)
[    0.992313] TCP: Hash tables configured (established 8192 bind 8192)
[    0.995310] UDP hash table entries: 512 (order: 2, 16384 bytes)
[    0.998446] UDP-Lite hash table entries: 512 (order: 2, 16384 bytes)
[    1.001102] NET: Registered protocol family 1
[    1.002844] pci 0000:00:00.0: Limiting direct PCI/PCI transfers
[    1.005817] pci 0000:00:01.0: Activating ISA DMA hang workarounds
[    1.008453] Unpacking initramfs...
[    1.343685] Freeing initrd memory: 14828K
[    1.346644] RAPL PMU detected, API unit is 2^-32 Joules, 4 fixed counters 10737418240 ms ovfl timer
[    1.352092] hw unit of domain pp0-core 2^-0 Joules
[    1.354822] hw unit of domain package 2^-0 Joules
[    1.356798] hw unit of domain dram 2^-0 Joules
[    1.358724] hw unit of domain pp1-gpu 2^-0 Joules
[    1.360455] platform rtc_cmos: registered platform RTC device (no PNP device found)
[    1.364233] Scanning for low memory corruption every 60 seconds
[    1.367074] audit: initializing netlink subsys (disabled)
[    1.368949] audit: type=2000 audit(1559808892.735:1): initialized
[    1.371466] Initialise system trusted keyring
[    1.373463] HugeTLB registered 2 MB page size, pre-allocated 0 pages
[    1.377823] zbud: loaded
[    1.379783] VFS: Disk quotas dquot_6.6.0
[    1.381650] VFS: Dquot-cache hash table entries: 512 (order 0, 4096 bytes)
[    1.384664] squashfs: version 4.0 (2009/01/31) Phillip Lougher
[    1.387125] fuse init (API version 7.23)
[    1.388752] Key type big_key registered
[    1.391040] Allocating IMA MOK and blacklist keyrings.
[    1.395025] Key type asymmetric registered
[    1.396597] Asymmetric key parser 'x509' registered
[    1.398877] Block layer SCSI generic (bsg) driver version 0.4 loaded (major 249)
[    1.401703] io scheduler noop registered
[    1.403218] io scheduler deadline registered (default)
[    1.405022] io scheduler cfq registered
[    1.406696] pci_hotplug: PCI Hot Plug PCI Core version: 0.5
[    1.408593] pciehp: PCI Express Hot Plug Controller Driver version: 0.4
[    1.411568] ACPI: AC Adapter [AC] (off-line)
[    1.413460] input: Power Button as /devices/LNXSYSTM:00/LNXPWRBN:00/input/input0
[    1.416725] ACPI: Power Button [PWRF]
[    1.420020] input: Sleep Button as /devices/LNXSYSTM:00/LNXSLPBN:00/input/input1
[    1.424245] ACPI: Sleep Button [SLPF]
[    1.427826] ACPI: Battery Slot [BAT0] (battery present)
[    1.430146] GHES: HEST is not enabled!
[    1.432545] Serial: 8250/16550 driver, 32 ports, IRQ sharing enabled
[    1.456407] 00:02: ttyS0 at I/O 0x3f8 (irq = 4, base_baud = 115200) is a 16550A
[    1.460916] Linux agpgart interface v0.103
[    1.465823] loop: module loaded
[    1.468047] scsi host0: ata_piix
[    1.469591] scsi host1: ata_piix
[    1.470863] ata1: PATA max UDMA/33 cmd 0x1f0 ctl 0x3f6 bmdma 0xd000 irq 14
[    1.473151] ata2: PATA max UDMA/33 cmd 0x170 ctl 0x376 bmdma 0xd008 irq 15
[    1.475530] libphy: Fixed MDIO Bus: probed
[    1.477324] tun: Universal TUN/TAP device driver, 1.6
[    1.479558] tun: (C) 1999-2004 Max Krasnyansky <maxk@qualcomm.com>
[    1.482208] PPP generic driver version 2.4.2
[    1.484304] ehci_hcd: USB 2.0 'Enhanced' Host Controller (EHCI) Driver
[    1.486547] ehci-pci: EHCI PCI platform driver
[    1.488645] ehci-platform: EHCI generic platform driver
[    1.490967] ohci_hcd: USB 1.1 'Open' Host Controller (OHCI) Driver
[    1.493471] ohci-pci: OHCI PCI platform driver
[    1.495206] ohci-platform: OHCI generic platform driver
[    1.497148] uhci_hcd: USB Universal Host Controller Interface driver
[    1.499782] i8042: PNP: PS/2 Controller [PNP0303:PS2K,PNP0f03:PS2M] at 0x60,0x64 irq 1,12
[    1.503488] serio: i8042 KBD port at 0x60,0x64 irq 1
[    1.505528] serio: i8042 AUX port at 0x60,0x64 irq 12
[    1.507721] mousedev: PS/2 mouse device common for all mice
[    1.510382] rtc_cmos rtc_cmos: rtc core: registered rtc_cmos as rtc0
[    1.512845] input: AT Translated Set 2 keyboard as /devices/platform/i8042/serio0/input/input2
[    1.513664] rtc_cmos rtc_cmos: alarms up to one day, 114 bytes nvram
[    1.513681] i2c /dev entries driver
[    1.513775] device-mapper: uevent: version 1.0.3
[    1.517669] device-mapper: ioctl: 4.34.0-ioctl (2015-10-28) initialised: dm-devel@redhat.com
[    1.517699] ledtrig-cpu: registered to indicate activity on CPUs
[    1.518122] NET: Registered protocol family 10
[    1.518362] NET: Registered protocol family 17
[    1.518373] Key type dns_resolver registered
[    1.518716] registered taskstats version 1
[    1.518735] Loading compiled-in X.509 certificates
[    1.519648] Loaded X.509 cert 'Build time autogenerated kernel key: 4dcb2dc2c7cf43e0c20c44384f68683c20294489'
[    1.519675] zswap: loaded using pool lzo/zbud
[    1.521713] Key type trusted registered
[    1.525545] Key type encrypted registered
[    1.525602] AppArmor: AppArmor sha1 policy hashing enabled
[    1.525605] ima: No TPM chip found, activating TPM-bypass!
[    1.525615] ima: Allocated hash algorithm: sha1
[    1.525632] evm: HMAC attrs: 0x1
[    1.526347]   Magic number: 7:464:219
[    1.526791] rtc_cmos rtc_cmos: setting system clock to 2019-06-06 08:14:47 UTC (1559808887)
[    1.526903] BIOS EDD facility v0.16 2004-Jun-25, 0 devices found
[    1.526904] EDD information not available.
[    1.881403] Freeing unused kernel memory: 1484K
[    1.884865] Write protecting the kernel read-only data: 14336k
[    1.890739] Freeing unused kernel memory: 1620K
[    1.894967] Freeing unused kernel memory: 68K
Loading, please wait...
starting version 229
[    1.955268] random: systemd-udevd: uninitialized urandom read (16 bytes read, 3 bits of entropy available)
[    1.955819] random: udevadm: uninitialized urandom read (16 bytes read, 3 bits of entropy available)
[    1.955849] random: udevadm: uninitialized urandom read (16 bytes read, 3 bits of entropy available)
[    1.972724] random: udevadm: uninitialized urandom read (16 bytes read, 3 bits of entropy available)
[    1.972798] random: udevadm: uninitialized urandom read (16 bytes read, 3 bits of entropy available)
[    1.973035] random: udevadm: uninitialized urandom read (16 bytes read, 3 bits of entropy available)
[    1.973126] random: udevadm: uninitialized urandom read (16 bytes read, 3 bits of entropy available)
[    1.973345] random: udevadm: uninitialized urandom read (16 bytes read, 3 bits of entropy available)
[    1.973434] random: udevadm: uninitialized urandom read (16 bytes read, 3 bits of entropy available)
[    1.973657] random: udevadm: uninitialized urandom read (16 bytes read, 3 bits of entropy available)
[    2.103352] e1000: Intel(R) PRO/1000 Network Driver - version 7.3.21-k8-NAPI
[    2.110029] e1000: Copyright (c) 1999-2006 Intel Corporation.
[    2.121452] Fusion MPT base driver 3.04.20
[    2.124007] Copyright (c) 1999-2008 LSI Corporation
[    2.155705] AVX2 version of gcm_enc/dec engaged.
[    2.162054] AES CTR mode by8 optimization enabled
[    2.171985] Fusion MPT SPI Host driver 3.04.20
[    2.319484] input: ImExPS/2 Generic Explorer Mouse as /devices/platform/i8042/serio1/input/input4
[    2.357627] tsc: Refined TSC clocksource calibration: 1600.281 MHz
[    2.360592] clocksource: tsc: mask: 0xffffffffffffffff max_cycles: 0x17112e541c9, max_idle_ns: 440795209787 ns
[    2.616577] e1000 0000:00:03.0 eth0: (PCI:33MHz:32-bit) 02:3a:f4:24:e2:72
[    2.619875] e1000 0000:00:03.0 eth0: Intel(R) PRO/1000 Network Connection
[    2.623185] mptbase: ioc0: Initiating bringup
[    2.702561] ioc0: LSI53C1030 A0: Capabilities={Initiator}
[    3.334276] scsi host2: ioc0: LSI53C1030 A0, FwRev=00000000h, Ports=1, MaxQ=256, IRQ=20
[    3.818988] scsi 2:0:0:0: Direct-Access     VBOX     HARDDISK         1.0  PQ: 0 ANSI: 5
[    3.823933] scsi target2:0:0: Beginning Domain Validation
[    3.828370] scsi target2:0:0: Domain Validation skipping write tests
[    3.831715] scsi target2:0:0: Ending Domain Validation
[    3.834250] scsi target2:0:0: asynchronous
[    3.838493] scsi 2:0:1:0: Direct-Access     VBOX     HARDDISK         1.0  PQ: 0 ANSI: 5
[    3.842545] scsi target2:0:1: Beginning Domain Validation
[    3.868146] scsi target2:0:1: Domain Validation skipping write tests
[    3.871994] scsi target2:0:1: Ending Domain Validation
[    3.874334] scsi target2:0:1: asynchronous
[    3.894873] sd 2:0:0:0: Attached scsi generic sg0 type 0
[    3.897369] sd 2:0:0:0: [sda] 20971520 512-byte logical blocks: (10.7 GB/10.0 GiB)
[    3.901029] sd 2:0:1:0: Attached scsi generic sg1 type 0
[    3.904725] sd 2:0:0:0: [sda] Write Protect is off
[    3.907321] sd 2:0:1:0: [sdb] 20480 512-byte logical blocks: (10.5 MB/10.0 MiB)
[    3.911274] sd 2:0:0:0: [sda] Incomplete mode parameter data
[    3.914077] sd 2:0:0:0: [sda] Assuming drive cache: write through
[    3.917188] sd 2:0:1:0: [sdb] Write Protect is off
[    3.920298] sd 2:0:1:0: [sdb] Incomplete mode parameter data
[    3.923242] sd 2:0:1:0: [sdb] Assuming drive cache: write through
[    3.927572]  sda: sda1
[    3.930714] sd 2:0:0:0: [sda] Attached SCSI disk
[    3.936081] sd 2:0:1:0: [sdb] Attached SCSI disk
[    4.347408] e1000 0000:00:08.0 eth1: (PCI:33MHz:32-bit) 08:00:27:c3:7e:0c
[    4.350757] e1000 0000:00:08.0 eth1: Intel(R) PRO/1000 Network Connection
[    4.355553] e1000 0000:00:08.0 enp0s8: renamed from eth1
[    4.374095] e1000 0000:00:03.0 enp0s3: renamed from eth0
Begin: Loading essential drivers ... [    5.843351] md: linear personality registered for level -1
[    5.849037] md: multipath personality registered for level -4
[    5.854683] md: raid0 personality registered for level 0
[    5.863720] md: raid1 personality registered for level 1
[    5.937595] raid6: sse2x1   gen()  7659 MB/s
[    6.005596] raid6: sse2x1   xor()  5679 MB/s
[    6.074330] raid6: sse2x2   gen()  9476 MB/s
[    6.141718] raid6: sse2x2   xor()  6278 MB/s
[    6.209610] raid6: sse2x4   gen() 10874 MB/s
[    6.278215] raid6: sse2x4   xor()  6796 MB/s
[    6.349916] raid6: avx2x1   gen() 12010 MB/s
[    6.417597] raid6: avx2x2   gen() 15120 MB/s
[    6.485595] raid6: avx2x4   gen() 15685 MB/s
[    6.487278] raid6: using algorithm avx2x4 gen() 15685 MB/s
[    6.490372] raid6: using avx2x2 recovery algorithm
[    6.495117] xor: automatically using best checksumming function:
[    6.541871]    avx       : 20924.000 MB/sec
[    6.546182] async_tx: api initialized (async)
[    6.587510] md: raid6 personality registered for level 6
[    6.591887] md: raid5 personality registered for level 5
[    6.597250] md: raid4 personality registered for level 4
[    6.634874] md: raid10 personality registered for level 10
done.
Begin: Running /scripts/init-premount ... done.
Begin: Mounting root file system ... Begin: Running /scripts/local-top ... done.
Begin: Running /scripts/local-premount ... [    6.716882] Btrfs loaded
Scanning for Btrfs filesystems
done.
Warning: fsck not present, so skipping root file system
[    6.762956] EXT4-fs (sda1): mounted filesystem with ordered data mode. Opts: (null)
done.
Begin: Running /scripts/local-bottom ... done.
Begin: Running /scripts/init-bottom ... done.
[    6.878346] systemd[1]: systemd 229 running in system mode. (+PAM +AUDIT +SELINUX +IMA +APPARMOR +SMACK +SYSVINIT +UTMP +LIBCRYPTSETUP +GCRYPT +GNUTLS +ACL +XZ -LZ4 +SECCOMP +BLKID +ELFUTILS +KMOD -IDN)
[    6.887435] systemd[1]: Detected virtualization oracle.
[    6.890562] systemd[1]: Detected architecture x86-64.

Welcome to [1mUbuntu 16.04.6 LTS[0m!

[    6.903373] systemd[1]: Set hostname to <ubuntu>.
[    6.907739] systemd[1]: Initializing machine ID from random generator.
[    6.910741] systemd[1]: Installed transient /etc/machine-id file.
[    7.452933] systemd[1]: Created slice System Slice.
[[0;32m  OK  [0m] Created slice System Slice.
[    7.456883] systemd[1]: Listening on LVM2 poll daemon socket.
[[0;32m  OK  [0m] Listening on LVM2 poll daemon socket.
[    7.461392] systemd[1]: Created slice User and Session Slice.
[[0;32m  OK  [0m] Created slice User and Session Slice.
[    7.466083] systemd[1]: Reached target User and Group Name Lookups.
[[0;32m  OK  [0m] Reached target User and Group Name Lookups.
[    7.470159] systemd[1]: Set up automount Arbitrary Executable File Formats File System Automount Point.
[[0;32m  OK  [0m] Set up automount Arbitrary Executab...ats File System Automount Point.
[    7.476787] systemd[1]: Started Forward Password Requests to Wall Directory Watch.
[[0;32m  OK  [0m] Started Forward Password Requests to Wall Directory Watch.
[    7.900033] systemd[1]: Listening on Journal Socket (/dev/log).
[[0;32m  OK  [0m] Listening on Journal Socket (/dev/log).
[    7.905890] systemd[1]: Listening on Syslog Socket.
[[0;32m  OK  [0m] Listening on Syslog Socket.
[    7.910097] systemd[1]: Reached target Encrypted Volumes.
[[0;32m  OK  [0m] Reached target Encrypted Volumes.
[    7.915320] systemd[1]: Listening on LVM2 metadata daemon socket.
[[0;32m  OK  [0m] Listening on LVM2 metadata daemon socket.
[    7.920802] systemd[1]: Listening on udev Control Socket.
[[0;32m  OK  [0m] Listening on udev Control Socket.
[    7.926461] systemd[1]: Listening on Journal Audit Socket.
[[0;32m  OK  [0m] Listening on Journal Audit Socket.
[    7.931296] systemd[1]: Listening on /dev/initctl Compatibility Named Pipe.
[[0;32m  OK  [0m] Listening on /dev/initctl Compatibility Named Pipe.
[    7.937543] systemd[1]: Started Trigger resolvconf update for networkd DNS.
[[0;32m  OK  [0m] Started Trigger resolvconf update for networkd DNS.
[    7.944304] systemd[1]: Created slice system-serial\x2dgetty.slice.
[[0;32m  OK  [0m] Created slice system-serial\x2dgetty.slice.
[    7.950242] systemd[1]: Listening on udev Kernel Socket.
[[0;32m  OK  [0m] Listening on udev Kernel Socket.
[    7.955873] systemd[1]: Reached target Swap.
[[0;32m  OK  [0m] Reached target Swap.
[    7.959803] systemd[1]: Reached target Slices.
[[0;32m  OK  [0m] Reached target Slices.
[    7.963112] systemd[1]: Listening on Journal Socket.
[[0;32m  OK  [0m] Listening on Journal Socket.
[    7.978492] systemd[1]: Starting Remount Root and Kernel File Systems...
         Starting Remount Root and Kernel File Systems...
[    7.986089] systemd[1]: Starting Nameserver information manager...
         Starting Nameserver information manager...
[    7.991768] EXT4-fs (sda1): re-mounted. Opts: (null)
[    7.993791] systemd[1]: Mounting POSIX Message Queue File System...
         Mounting POSIX Message Queue File System...
[    8.000593] systemd[1]: Starting Create list of required static device nodes for the current kernel...
         Starting Create list of required st... nodes for the current kernel...
[    8.007844] systemd[1]: Mounting Huge Pages File System...
         Mounting Huge Pages File System...
[    8.012292] systemd[1]: Starting Uncomplicated firewall...
         Starting Uncomplicated firewall...
[    8.017870] systemd[1]: Mounting Debug File System...
         Mounting Debug File System...
[    8.024192] systemd[1]: Starting Load Kernel Modules...
         Starting Load Kernel Modules...
[    8.041297] systemd[1]: Starting Set console keymap...
         Starting Set console keymap...
[    8.048089] systemd[1]: Starting Journal Service...
         [    8.051661] Loading iSCSI transport class v2.0-870.
Starting Journal Service...
[    8.057773] systemd[1]: Reached target System Time Synchronized.
[[0;32m  OK  [0m] Reached target System Time Synchronized.
[    8.069105] systemd[1]: Listening on Device-mapper event daemon FIFOs.
[[0;32m  OK  [0m] Listening on Device-mapper event daemon FIFOs.
[    8.077355] iscsi: registered transport (tcp)
[    8.101911] systemd[1]: Starting Monitoring of LVM2 mirrors, snapshots etc. using dmeventd or progress polling...
         Starting Monitoring of LVM2 mirrors... dmeventd or progress polling...
[    8.119371] systemd[1]: Mounted POSIX Message Queue File System.
[[0;32m  OK  [0m] Mounted POSIX Message Queue File System.
[    8.140120] systemd[1]: Mounted Debug File System.
[[0;32m  OK  [0m] Mounted Debug File System.
[    8.145967] systemd[1]: Mounted Huge Pages File System.
[[0;32m  OK  [0m] Mounted Huge Pages File System.
[    8.168058] random: nonblocking pool is initialized
[    8.177027] systemd[1]: Started Journal Service.
[[0;32m  OK  [0m] Started Journal Service.
[    8.191669] iscsi: registered transport (iser)
[[0;32m  OK  [0m] Started Remount Root and Kernel File Systems.
[[0;32m  OK  [0m] Started Create list of required sta...ce nodes for the current kernel.
[[0;32m  OK  [0m] Started Uncomplicated firewall.
[[0;32m  OK  [0m] Started Load Kernel Modules.
[[0;32m  OK  [0m] Started Set console keymap.
[[0;32m  OK  [0m] Started Nameserver information manager.
[[0;32m  OK  [0m] Started LVM2 metadata daemon.
         Starting Apply Kernel Variables...
         Mounting FUSE Control File System...
         Starting Create Static Device Nodes in /dev...
         Starting udev Coldplug all Devices...
         Starting Load/Save Random Seed...
         Starting Flush Journal to Persistent Storage...
[[0;32m  OK  [0m] Mounted FUSE Control File System.
[[0;32m  OK  [0m] Started Load/Save Random Seed.
[[0;32m  OK  [0m] Started Apply Kernel Variables.
[[0;32m  OK  [0m] Started Create Static Device Nodes in /dev.
[[0;32m  OK  [0m] Started Flush Journal to Persistent Storage.
[[0;32m  OK  [0m] Started udev Coldplug all Devices.
         Starting udev Kernel Device Manager...
[[0;32m  OK  [0m] Started Monitoring of LVM2 mirrors,...ng dmeventd or progress polling.
[[0;32m  OK  [0m] Reached target Local File Systems (Pre).
[[0;32m  OK  [0m] Reached target Local File Systems.
         Starting LSB: AppArmor initialization...
         Starting Initial cloud-init job (pre-networking)...
         Starting Commit a transient machine-id on disk...
         Starting Set console font and keymap...
         Starting Tell Plymouth To Write Out Runtime Data...
         Starting Create Volatile Files and Directories...
[[0;32m  OK  [0m] Started Create Volatile Files and Directories.
[[0;32m  OK  [0m] Started udev Kernel Device Manager.
[[0;32m  OK  [0m] Started Commit a transient machine-id on disk.
[[0;32m  OK  [0m] Started Tell Plymouth To Write Out Runtime Data.
[[0;32m  OK  [0m] Started Dispatch Password Requests to Console Directory Watch.
         Starting Update UTMP about System Boot/Shutdown...
[[0;32m  OK  [0m] Started Update UTMP about System Boot/Shutdown.
[[0;32m  OK  [0m] Found device /dev/ttyS0.
[[0;32m  OK  [0m] Listening on Load/Save RF Kill Switch Status /dev/rfkill Watch.
[[0;32m  OK  [0m] Started LSB: AppArmor initialization.
[   10.356845] cloud-init[474]: Cloud-init v. 18.5-45-g3554ffe8-0ubuntu1~16.04.1 running 'init-local' at Thu, 06 Jun 2019 08:14:56 +0000. Up 9.74 seconds.
[[0;32m  OK  [0m] Started Initial cloud-init job (pre-networking).
[[0;32m  OK  [0m] Reached target Network (Pre).
         Starting Raise network interfaces...
[[0;32m  OK  [0m] Started Set console font and keymap.
[[0;32m  OK  [0m] Created slice system-getty.slice.
[[0;32m  OK  [0m] Started Raise network interfaces.
         Starting Initial cloud-init job (metadata service crawler)...
[[0;32m  OK  [0m] Reached target Network.
[   16.306988] cloud-init[959]: Cloud-init v. 18.5-45-g3554ffe8-0ubuntu1~16.04.1 running 'init' at Thu, 06 Jun 2019 08:15:00 +0000. Up 14.25 seconds.
[   16.314241] cloud-init[959]: ci-info: ++++++++++++++++++++++++++++++++++++++Net device info+++++++++++++++++++++++++++++++++++++++
[   16.322179] cloud-init[959]: ci-info: +--------+-------+----------------------------+---------------+--------+-------------------+
[   16.328629] cloud-init[959]: ci-info: | Device |   Up  |          Address           |      Mask     | Scope  |     Hw-Address    |
[   16.334434] cloud-init[959]: ci-info: +--------+-------+----------------------------+---------------+--------+-------------------+
[   16.340831] cloud-init[959]: ci-info: | enp0s3 |  True |         10.0.2.15          | 255.255.255.0 | global | 02:3a:f4:24:e2:72 |
[   16.350662] cloud-init[959]: ci-info: | enp0s3 |  True | fe80::3a:f4ff:fe24:e272/64 |       .       |  link  | 02:3a:f4:24:e2:72 |
[   16.361605] cloud-init[959]: ci-info: | enp0s8 | False |             .              |       .       |   .    | 08:00:27:c3:7e:0c |
[   16.368486] cloud-init[959]: ci-info: |   lo   |  True |         127.0.0.1          |   255.0.0.0   |  host  |         .         |
[   16.381249] cloud-init[959]: ci-info: |   lo   |  True |          ::1/128           |       .       |  host  |         .         |
[   16.389070] cloud-init[959]: ci-info: +--------+-------+----------------------------+---------------+--------+-------------------+
[   16.395114] cloud-init[959]: ci-info: +++++++++++++++++++++++++++Route IPv4 info++++++++++++++++++++++++++++
[   16.401846] cloud-init[959]: ci-info: +-------+-------------+----------+---------------+-----------+-------+
[   16.409173] cloud-init[959]: ci-info: | Route | Destination | Gateway  |    Genmask    | Interface | Flags |
[   16.416768] cloud-init[959]: ci-info: +-------+-------------+----------+---------------+-----------+-------+
[   16.423038] cloud-init[959]: ci-info: |   0   |   0.0.0.0   | 10.0.2.2 |    0.0.0.0    |   enp0s3  |   UG  |
[   16.431699] cloud-init[959]: ci-info: |   1   |   10.0.2.0  | 0.0.0.0  | 255.255.255.0 |   enp0s3  |   U   |
[   16.439133] cloud-init[959]: ci-info: +-------+-------------+----------+---------------+-----------+-------+
[   16.447840] cloud-init[959]: ci-info: +++++++++++++++++++Route IPv6 info+++++++++++++++++++
[   16.454932] cloud-init[959]: ci-info: +-------+-------------+---------+-----------+-------+
[   16.462161] cloud-init[959]: ci-info: | Route | Destination | Gateway | Interface | Flags |
[   16.469015] cloud-init[959]: ci-info: +-------+-------------+---------+-----------+-------+
[   16.478857] cloud-init[959]: ci-info: |   0   |  fe80::/64  |    ::   |   enp0s3  |   U   |
[   16.483049] cloud-init[959]: ci-info: |   4   |   ff00::/8  |    ::   |   enp0s3  |   U   |
[   16.489312] cloud-init[959]: ci-info: +-------+-------------+---------+-----------+-------+
[   16.497283] cloud-init[959]: Generating public/private rsa key pair.
[   16.500760] cloud-init[959]: Your identification has been saved in /etc/ssh/ssh_host_rsa_key.
[   16.511258] cloud-init[959]: Your public key has been saved in /etc/ssh/ssh_host_rsa_key.pub.
[   16.517652] cloud-init[959]: The key fingerprint is:
[   16.521828] cloud-init[959]: SHA256:Cn1xRt9pEJfcu3C36dOhTkS0rm/g7aS/I7TueXuIeko root@ubuntu-xenial
[   16.528372] cloud-init[959]: The key's randomart image is:
[   16.532643] cloud-init[959]: +---[RSA 2048]----+
[   16.535780] cloud-init[959]: |          . o+.o |
[   16.538702] cloud-init[959]: |         . ..++..|
[   16.553681] cloud-init[959]: |        . o .o+ .|
[   16.568800] cloud-init[959]: |     .   +  oo o.|
[   16.569329] cloud-init[959]: |    . . S    oo =|
[[   16.569515] [0;32m  OK  [0mcloud-init] [959]: Started Initial cloud-init job (metadata service crawler).
|     . o   oo  = |
[   16.577275] cloud-init[959]: |      .  Eo.=o+ o|
[   16.588638] cloud-init[959]: |        .  **B +.|
[   16.589909] cloud-init[959]: |         o*=BB= .|
[   16.589999] cloud-init[959]: +----[SHA256]-----+
[   16.591121] cloud-init[959]: Generating public/private dsa key pair.
[[0;32m  OK  [0m] Reached target System Initialization.
[   16.591258] cloud-init[959]: Your identification has been saved in /etc/ssh/ssh_host_dsa_key.
[   16.604455] cloud-init[959]: Your public key has been saved in /etc/ssh/ssh_host_dsa_key.pub.
[[0;32m  OK  [0m] Started Daily Cleanup of Temporary Directories.
[   16.604973] cloud-init[959]: The key fingerprint is:
[   16.609449] cloud-init[959]: SHA256:D+FwJkxgRBbOwF1hTpTpumddremNhaIYWDFSPhM8AhE root@ubuntu-xenial
[[0;32m  OK  [0m] Listening on UUID daemon activation socket.
[   16.610587] cloud-init[959]: The key's randomart image is:
[   16.610686] cloud-init[959]: +---[DSA 1024]----+
[   16.611698] cloud-init[959]: |E=.=X=B+         |
[   16.613504] cloud-init[959]: |  oO+Bo          |
[[0;32m  OK  [0m] Started Daily apt download activities.
[   16.623346] cloud-init[959]: |  ..Oo= +        |
[   16.635474] cloud-init[959]: |   . =.* .       |
[   16.644898] cloud-init[959]: |    ..  S  .     |
[   16.646416] cloud-init[959]: |   o.    o...    |
         Starting Socket activation for snappy daemon.
[[0;32m  OK  [0m] Listening on ACPID Listen Socket.
[   16.646610] cloud-init[959]: |  . .. ...oo.    |
[   16.664326] cloud-init[959]: |    .oo...o+     |
         Starting LXD - unix socket.
[   16.665021] cloud-init[959]: |    .o.  .o .    |
[   16.677673] cloud-init[959]: +----[SHA256]-----+
[[0;32m  OK  [0m] Started Daily apt upgrade and clean activities.
[   16.678327] cloud-init[959]: Generating public/private ecdsa key pair.
[[0;32m  OK  [0m] Reached target Timers.
[[   16.689294] [0;32m  OK  [0mcloud-init] [959]: Listening on D-Bus System Message Bus Socket.Your identification has been saved in /etc/ssh/ssh_host_ecdsa_key.

[   16.713235] cloud-init[959]: Your public key has been saved in /etc/ssh/ssh_host_ecdsa_key.pub.
[[0;32m  OK  [0m] Started ACPI Events Check.
[   16.713858] cloud-init[959]: The key fingerprint is:
[[0;32m  OK  [0m] Reached target Paths.
[[0;32m  OK  [0m] Reached target Network is Online.
[   16.725973] cloud-init[959]: SHA256:aJ1q+ILHB7Cv5AmKoHPuBnsTq+YXQOe/QuQbu3q4r8g root@ubuntu-xenial
[   16.747462] cloud-init[959]: The key's randomart image is:
[   16.750334] cloud-init[959]: +---[ECDSA 256]---+
[   16.752507] cloud-init[959]: |                 |
[   16.754742] cloud-init[959]: | . .             |
[   16.757403] cloud-init[959]: |. o              |
[   16.759485] cloud-init[959]: | ..o   o .       |
[   16.762405] cloud-init[959]: |  +o. o S        |
[   16.769979] cloud-init[959]: |. o=.+ .         |
[   16.778402] cloud-init[959]: |oo+**.+          |
[   16.778787]          cloud-initStarting iSCSI initiator daemon (iscsid)...[959]: 
|X*BB=+.          |
[[0;32m  OK  [0m] Reached target Cloud-config availability.
[[0;32m  OK  [0m] Listening on Socket activation for snappy daemon.
[[0;32m  OK  [0m] Listening on LXD - unix socket.
[   16.778889] cloud-init[959]: |OE&*oo.          |
[   16.802498] cloud-init[959]: +----[SHA256]-----+
[   16.813111] cloud-init[959]: Generating public/private ed25519 key pair.
[   16.824983] cloud-init[959]: Your identification has been saved in /etc/ssh/ssh_host_ed25519_key.
[   16.831423] cloud-init[959]: Your public key has been saved in /etc/ssh/ssh_host_ed25519_key.pub.[
[   16.841102] cloud-init[959]: The key fingerprint is:
[0;32m  OK  [0m] Reached target Sockets.
[[0;32m  OK  [0m] Reached target Basic System.
[[0;32m  OK  [0m] Started Unattended Upgrades Shutdown.
         Starting LXD - container startup/shutdown...
         Starting /etc/rc.local Compatibility...
[   16.844044] cloud-init[959]: SHA256:5WZ3EFQwNAiL+3rBpHt3Z4ZxcwPEq5GV8EJ7NRUnvvw root@ubuntu-xenial
[   16.861515] cloud-init[959]: The key's randomart image is:
[   16.864511] cloud-init[959]: +--[ED25519 256]--+
[   16.873108] [[0;32m  OK  [0m] Started Regular background program processing daemon.
         Starting Virtualbox guest utils...
[[0;32m  OK  [0m] Started Deferred execution scheduler.
cloud-init[959]: |        .. *Xo++=|
[   16.882062] cloud-init[959]: |       . .o oX..o|
[   16.883128] cloud-init[959]: |      . . .o=oo  |
[   16.883854] cloud-init[959]: |       ..o oo= . |
[   16.883946] cloud-init[959]: |      .+S + + =  |
[   16.884011] cloud-init[959]: |      ..oo o..oo.|
[   16.885740] cloud-init[959]: |       ...   + oE|
[   16.885873] cloud-init[959]: |      ..o . o +  |
[   16.885928] cloud-init[959]: |      .o . . +   |
[   16.886010] cloud-init[959]: +----[SHA256]-----+
         Starting LSB: Record successful boot for GRUB...
         Starting Login Service...
         Starting System Logging Service...
         Starting Pollinate to seed the pseudo random number generator...
[[0;32m  OK  [0m] Started ACPI event daemon.
[[0;32m  OK  [0m] Started D-Bus System Message Bus.
         Starting LSB: MD monitoring daemon...
         Starting Accounts Service...
[[0;32m  OK  [0m] Started FUSE filesystem for LXC.
         Starting Snappy daemon...
[[0;32m  OK  [0m] Started System Logging Service.
[[0;32m  OK  [0m] Started iSCSI initiator daemon (iscsid).
[[0;32m  OK  [0m] Started /etc/rc.local Compatibility.
[[0;32m  OK  [0m] Started LXD - container startup/shutdown.
[[0;32m  OK  [0m] Started LSB: Record successful boot for GRUB.
[[0;32m  OK  [0m] Started Login Service.
         Starting Authenticate and Authorize Users to Run Privileged Tasks...
         Starting Login to default iSCSI targets...
[[0;32m  OK  [0m] Started LSB: MD monitoring daemon.
[[0;32m  OK  [0m] Started Authenticate and Authorize Users to Run Privileged Tasks.
[[0;32m  OK  [0m] Started Accounts Service.
[[0;32m  OK  [0m] Started Virtualbox guest utils.
[[0;32m  OK  [0m] Started Login to default iSCSI targets.
[[0;32m  OK  [0m] Reached target Remote File Systems (Pre).
[[0;32m  OK  [0m] Reached target Remote File Systems.
         Starting LSB: daemon to balance interrupts for SMP systems...
         Starting LSB: automatic crash report generation...
         Starting Permit User Sessions...
         Starting LSB: Set the CPU Frequency Scaling governor to "ondemand"...
[[0;32m  OK  [0m] Started Snappy daemon.
[[0;32m  OK  [0m] Started Pollinate to seed the pseudo random number generator.
[[0;32m  OK  [0m] Started Permit User Sessions.
[[0;32m  OK  [0m] Started LSB: daemon to balance interrupts for SMP systems.
         Starting Hold until boot process finishes up...
         Starting Terminate Plymouth Boot Screen...
         Starting OpenBSD Secure Shell server...
         Starting Wait until snapd is fully seeded...
[[0;32m  OK  [0m] Started LSB: automatic crash report generation.
[[0;32m  OK  [0m] Started LSB: Set the CPU Frequency Scaling governor to "ondemand".
[[0;32m  OK  [0m] Started Hold until boot process finishes up.
[[0;32m  OK  [0m] Started Terminate Plymouth Boot Screen.
[[0;32m  OK  [0m] Started OpenBSD Secure Shell server.
[[0;32m  OK  [0m] Started Serial Getty on ttyS0.
         Starting Set console scheme...
[[0;32m  OK  [0m] Started Getty on tty1.
[[0;32m  OK  [0m] Reached target Login Prompts.
[[0;32m  OK  [0m] Started Set console scheme.
[[0;32m  OK  [0m] Created slice User Slice of vagrant.
         Starting User Manager for UID 1000...
[[0;32m  OK  [0m] Started Session 1 of user vagrant.
[[0;32m  OK  [0m] Started User Manager for UID 1000.
[[0;32m  OK  [0m] Started Wait until snapd is fully seeded.
[[0;32m  OK  [0m] Reached target Multi-User System.
[[0;32m  OK  [0m] Reached target Graphical Interface.
         Starting Update UTMP about System Runlevel Changes...
         Starting Apply the settings specified in cloud-config...
[[0;32m  OK  [0m] Started Update UTMP about System Runlevel Changes.
[   19.979652] cloud-init[1365]: Generating locales (this might take a while)...
         Stopping User Manager for UID 1000...
[[0;32m  OK  [0m] Stopped User Manager for UID 1000.
[[0;32m  OK  [0m] Removed slice User Slice of vagrant.
[[0;32m  OK  [0m] Created slice User Slice of vagrant.
         Starting User Manager for UID 1000...
[[0;32m  OK  [0m] Started Session 2 of user vagrant.
[[0;32m  OK  [0m] Started User Manager for UID 1000.
[   21.680858] cloud-init[1365]:   en_US.UTF-8... done
[   21.685848] cloud-init[1365]: Generation complete.
[   22.320955] cloud-init[1365]: Cloud-init v. 18.5-45-g3554ffe8-0ubuntu1~16.04.1 running 'modules:config' at Thu, 06 Jun 2019 08:15:06 +0000. Up 19.79 seconds.
[[0;32m  OK  [0m] Started Apply the settings specified in cloud-config.
         Starting Execute cloud user/final scripts...
ci-info: no authorized ssh keys fingerprints found for user ubuntu.
<14>Jun  6 08:15:09 ec2: 
<14>Jun  6 08:15:09 ec2: #############################################################
<14>Jun  6 08:15:09 ec2: -----BEGIN SSH HOST KEY FINGERPRINTS-----
<14>Jun  6 08:15:09 ec2: 1024 SHA256:D+FwJkxgRBbOwF1hTpTpumddremNhaIYWDFSPhM8AhE root@ubuntu-xenial (DSA)
<14>Jun  6 08:15:09 ec2: 256 SHA256:aJ1q+ILHB7Cv5AmKoHPuBnsTq+YXQOe/QuQbu3q4r8g root@ubuntu-xenial (ECDSA)
<14>Jun  6 08:15:09 ec2: 256 SHA256:5WZ3EFQwNAiL+3rBpHt3Z4ZxcwPEq5GV8EJ7NRUnvvw root@ubuntu-xenial (ED25519)
<14>Jun  6 08:15:09 ec2: 2048 SHA256:Cn1xRt9pEJfcu3C36dOhTkS0rm/g7aS/I7TueXuIeko root@ubuntu-xenial (RSA)
<14>Jun  6 08:15:09 ec2: -----END SSH HOST KEY FINGERPRINTS-----
<14>Jun  6 08:15:09 ec2: #############################################################
-----BEGIN SSH HOST KEY KEYS-----
ecdsa-sha2-nistp256 AAAAE2VjZHNhLXNoYTItbmlzdHAyNTYAAAAIbmlzdHAyNTYAAABBBBQ0AP0sq8GoJof+MN0lEds/xUpPaiFXQ+q+FVxU2e3wUWhnLj2omak5feG6Km1KkFqPKrI1W3S0iAr4Za0NxxM= root@ubuntu-xenial
ssh-ed25519 AAAAC3NzaC1lZDI1NTE5AAAAIFWVnj/9b09+6T/onuDfiovBNYD7AVUTznRCsBv8mUzx root@ubuntu-xenial
ssh-rsa AAAAB3NzaC1yc2EAAAADAQABAAABAQCzCwCSKeEZElywqQRiIoMz7//Z0DN003urFBSvzF7s1T42KHnzYuma9VC4+ZCfUt1WRyhe+JGxsuYk76vgrE1g6GPFBZUzIXNW7I9lKIvWG4ofQuIsdgUEkWMIoNy26Djv9PzcXDQJ7//Te865x2TxpHJZXKaRpE4uw+e75fEPOmSexpt7lXP4uU6a9m/PzrZVXzvoXbY7rmTNoM/aQbrBITKV6DFJavDWeczziV7/2IXE6feribBtntHz7OW1cYXoHWJGMMaCx12OeoFp/q6IX77eurRwEqTMvlap8x3FHg9ocn+9IlW+lLGmnFgolfgVQEPcS7yLqOE0CKg9zRaP root@ubuntu-xenial
-----END SSH HOST KEY KEYS-----
[   23.314089] cloud-init[1601]: Cloud-init v. 18.5-45-g3554ffe8-0ubuntu1~16.04.1 running 'modules:final' at Thu, 06 Jun 2019 08:15:09 +0000. Up 23.03 seconds.
[   23.320138] cloud-init[1601]: ci-info: no authorized ssh keys fingerprints found for user ubuntu.
[   23.323636] cloud-init[1601]: Cloud-init v. 18.5-45-g3554ffe8-0ubuntu1~16.04.1 finished at Thu, 06 Jun 2019 08:15:09 +0000. Datasource DataSourceNoCloud [seed=/dev/sdb][dsmode=net].  Up 23.27 seconds

Ubuntu 16.04.6 LTS ubuntu-xenial ttyS0

ubuntu-xenial login: 